// Jest Snapshot v1, https://goo.gl/fbAQLP

exports[`<Text /> should render Text component 1`] = `
ShallowWrapper {
  Symbol(enzyme.__root__): [Circular],
  Symbol(enzyme.__unrendered__): <Text
    data="test"
    uuid="uuid"
  />,
  Symbol(enzyme.__renderer__): Object {
    "batchedUpdates": [Function],
    "getNode": [Function],
    "render": [Function],
    "simulateError": [Function],
    "simulateEvent": [Function],
    "unmount": [Function],
  },
  Symbol(enzyme.__node__): Object {
    "instance": null,
    "key": undefined,
    "nodeType": "function",
    "props": Object {
      "as": [Function],
      "children": Array [
        "uuid",
        " - ",
        "test",
        <Checkbox
          label="EN > RU"
          toggle={true}
          type="checkbox"
        />,
      ],
      "className": "Text Block",
      "color": "brown",
    },
    "ref": null,
    "rendered": Array [
      "uuid",
      " - ",
      "test",
      Object {
        "instance": null,
        "key": undefined,
        "nodeType": "class",
        "props": Object {
          "label": "EN > RU",
          "toggle": true,
          "type": "checkbox",
        },
        "ref": null,
        "rendered": null,
        "type": [Function],
      },
    ],
    "type": [Function],
  },
  Symbol(enzyme.__nodes__): Array [
    Object {
      "instance": null,
      "key": undefined,
      "nodeType": "function",
      "props": Object {
        "as": [Function],
        "children": Array [
          "uuid",
          " - ",
          "test",
          <Checkbox
            label="EN > RU"
            toggle={true}
            type="checkbox"
          />,
        ],
        "className": "Text Block",
        "color": "brown",
      },
      "ref": null,
      "rendered": Array [
        "uuid",
        " - ",
        "test",
        Object {
          "instance": null,
          "key": undefined,
          "nodeType": "class",
          "props": Object {
            "label": "EN > RU",
            "toggle": true,
            "type": "checkbox",
          },
          "ref": null,
          "rendered": null,
          "type": [Function],
        },
      ],
      "type": [Function],
    },
  ],
  Symbol(enzyme.__options__): Object {
    "adapter": ReactSixteenAdapter {
      "options": Object {
        "enableComponentDidUpdateOnSetState": true,
        "lifecycles": Object {
          "componentDidUpdate": Object {
            "onSetState": true,
          },
          "getDerivedStateFromProps": true,
          "getSnapshotBeforeUpdate": true,
          "setState": Object {
            "skipsComponentDidUpdateOnNullish": true,
          },
        },
      },
    },
  },
}
`;
