// Jest Snapshot v1, https://goo.gl/fbAQLP

exports[`should render Label 1`] = `
<label>
  Label: verbose_name
</label>
`;
