// Jest Snapshot v1, https://goo.gl/fbAQLP

exports[`renders without crashing 1`] = `
ShallowWrapper {
  Symbol(enzyme.__root__): [Circular],
  Symbol(enzyme.__unrendered__): <Grid
    columns="2"
  >
    <GridColumn>
      <Segment
        color="red"
      >
        <Connect(FormogenForm)
          describeUrl="http://localhost:8000/api/v1/sample/authors/describe/"
          formId="bla"
          getFieldComponent={[Function]}
          getFormComponent={[Function]}
        />
      </Segment>
    </GridColumn>
  </Grid>,
  Symbol(enzyme.__renderer__): Object {
    "batchedUpdates": [Function],
    "getNode": [Function],
    "render": [Function],
    "simulateError": [Function],
    "simulateEvent": [Function],
    "unmount": [Function],
  },
  Symbol(enzyme.__node__): Object {
    "instance": null,
    "key": undefined,
    "nodeType": "host",
    "props": Object {
      "children": <GridColumn>
        <Segment
          color="red"
        >
          <Connect(FormogenForm)
            describeUrl="http://localhost:8000/api/v1/sample/authors/describe/"
            formId="bla"
            getFieldComponent={[Function]}
            getFormComponent={[Function]}
          />
        </Segment>
      </GridColumn>,
      "className": "ui two column grid",
    },
    "ref": null,
    "rendered": Object {
      "instance": null,
      "key": undefined,
      "nodeType": "function",
      "props": Object {
        "children": <Segment
          color="red"
        >
          <Connect(FormogenForm)
            describeUrl="http://localhost:8000/api/v1/sample/authors/describe/"
            formId="bla"
            getFieldComponent={[Function]}
            getFormComponent={[Function]}
          />
        </Segment>,
      },
      "ref": null,
      "rendered": Object {
        "instance": null,
        "key": undefined,
        "nodeType": "function",
        "props": Object {
          "children": <Connect(FormogenForm)
            describeUrl="http://localhost:8000/api/v1/sample/authors/describe/"
            formId="bla"
            getFieldComponent={[Function]}
            getFormComponent={[Function]}
          />,
          "color": "red",
        },
        "ref": null,
        "rendered": Object {
          "instance": null,
          "key": undefined,
          "nodeType": "class",
          "props": Object {
            "describeUrl": "http://localhost:8000/api/v1/sample/authors/describe/",
            "formId": "bla",
            "getFieldComponent": [Function],
            "getFormComponent": [Function],
          },
          "ref": null,
          "rendered": null,
          "type": [Function],
        },
        "type": [Function],
      },
      "type": [Function],
    },
    "type": "div",
  },
  Symbol(enzyme.__nodes__): Array [
    Object {
      "instance": null,
      "key": undefined,
      "nodeType": "host",
      "props": Object {
        "children": <GridColumn>
          <Segment
            color="red"
          >
            <Connect(FormogenForm)
              describeUrl="http://localhost:8000/api/v1/sample/authors/describe/"
              formId="bla"
              getFieldComponent={[Function]}
              getFormComponent={[Function]}
            />
          </Segment>
        </GridColumn>,
        "className": "ui two column grid",
      },
      "ref": null,
      "rendered": Object {
        "instance": null,
        "key": undefined,
        "nodeType": "function",
        "props": Object {
          "children": <Segment
            color="red"
          >
            <Connect(FormogenForm)
              describeUrl="http://localhost:8000/api/v1/sample/authors/describe/"
              formId="bla"
              getFieldComponent={[Function]}
              getFormComponent={[Function]}
            />
          </Segment>,
        },
        "ref": null,
        "rendered": Object {
          "instance": null,
          "key": undefined,
          "nodeType": "function",
          "props": Object {
            "children": <Connect(FormogenForm)
              describeUrl="http://localhost:8000/api/v1/sample/authors/describe/"
              formId="bla"
              getFieldComponent={[Function]}
              getFormComponent={[Function]}
            />,
            "color": "red",
          },
          "ref": null,
          "rendered": Object {
            "instance": null,
            "key": undefined,
            "nodeType": "class",
            "props": Object {
              "describeUrl": "http://localhost:8000/api/v1/sample/authors/describe/",
              "formId": "bla",
              "getFieldComponent": [Function],
              "getFormComponent": [Function],
            },
            "ref": null,
            "rendered": null,
            "type": [Function],
          },
          "type": [Function],
        },
        "type": [Function],
      },
      "type": "div",
    },
  ],
  Symbol(enzyme.__options__): Object {
    "adapter": ReactSixteenAdapter {
      "options": Object {
        "enableComponentDidUpdateOnSetState": true,
        "lifecycles": Object {
          "componentDidUpdate": Object {
            "onSetState": true,
          },
          "getDerivedStateFromProps": true,
          "getSnapshotBeforeUpdate": true,
          "setState": Object {
            "skipsComponentDidUpdateOnNullish": true,
          },
        },
      },
    },
  },
}
`;
