// Jest Snapshot v1, https://goo.gl/fbAQLP

exports[`<AsyncManyToManyField /> 1`] = `
ShallowWrapper {
  Symbol(enzyme.__root__): [Circular],
  Symbol(enzyme.__unrendered__): <AsyncManyToManyField
    help_text="AsyncManyToManyField: help_text"
    layoutOpts={
      Object {
        "width": 1,
      }
    }
    name="AsyncManyToManyField: name"
    type="AsyncManyToManyField"
    verbose_name="AsyncManyToManyField: verbose_name"
  />,
  Symbol(enzyme.__renderer__): Object {
    "batchedUpdates": [Function],
    "getNode": [Function],
    "render": [Function],
    "simulateError": [Function],
    "simulateEvent": [Function],
    "unmount": [Function],
  },
  Symbol(enzyme.__node__): Object {
    "instance": null,
    "key": undefined,
    "nodeType": "class",
    "props": Object {
      "getOptionLabel": [Function],
      "getOptionValue": [Function],
      "help_text": "AsyncManyToManyField: help_text",
      "isMulti": true,
      "layoutOpts": Object {
        "width": 1,
      },
      "loadOptions": [Function],
      "name": "AsyncManyToManyField: name",
      "type": "AsyncManyToManyField",
      "verbose_name": "AsyncManyToManyField: verbose_name",
    },
    "ref": null,
    "rendered": null,
    "type": [Function],
  },
  Symbol(enzyme.__nodes__): Array [
    Object {
      "instance": null,
      "key": undefined,
      "nodeType": "class",
      "props": Object {
        "getOptionLabel": [Function],
        "getOptionValue": [Function],
        "help_text": "AsyncManyToManyField: help_text",
        "isMulti": true,
        "layoutOpts": Object {
          "width": 1,
        },
        "loadOptions": [Function],
        "name": "AsyncManyToManyField: name",
        "type": "AsyncManyToManyField",
        "verbose_name": "AsyncManyToManyField: verbose_name",
      },
      "ref": null,
      "rendered": null,
      "type": [Function],
    },
  ],
  Symbol(enzyme.__options__): Object {
    "adapter": ReactSixteenAdapter {
      "options": Object {
        "enableComponentDidUpdateOnSetState": true,
        "lifecycles": Object {
          "componentDidUpdate": Object {
            "onSetState": true,
          },
          "getDerivedStateFromProps": true,
          "getSnapshotBeforeUpdate": true,
          "setState": Object {
            "skipsComponentDidUpdateOnNullish": true,
          },
        },
      },
    },
  },
}
`;
