// Jest Snapshot v1, https://goo.gl/fbAQLP

exports[`<BooleanField /> 1`] = `
ShallowWrapper {
  Symbol(enzyme.__root__): [Circular],
  Symbol(enzyme.__unrendered__): <BooleanField
    help_text="BooleanField: help_text"
    layoutOpts={
      Object {
        "width": 1,
      }
    }
    name="BooleanField: name"
    type="BooleanField"
    verbose_name="BooleanField: verbose_name"
    widget=""
  />,
  Symbol(enzyme.__renderer__): Object {
    "batchedUpdates": [Function],
    "getNode": [Function],
    "render": [Function],
    "simulateError": [Function],
    "simulateEvent": [Function],
    "unmount": [Function],
  },
  Symbol(enzyme.__node__): Object {
    "instance": null,
    "key": undefined,
    "nodeType": "function",
    "props": Object {
      "children": Array [
        <FieldLabel
          help_text="BooleanField: help_text"
          layoutOpts={
            Object {
              "width": 1,
            }
          }
          name="BooleanField: name"
          type="BooleanField"
          verbose_name="BooleanField: verbose_name"
          widget=""
        />,
        <Checkbox
          checked={false}
          name="BooleanField: name"
          onChange={[Function]}
          type="checkbox"
        />,
        <span
          className="help-text"
        >
          BooleanField: help_text
        </span>,
        <ErrorsList
          color="red"
          header="Errors"
        />,
      ],
      "disabled": true,
      "error": false,
      "required": undefined,
      "width": 1,
    },
    "ref": null,
    "rendered": Array [
      Object {
        "instance": null,
        "key": undefined,
        "nodeType": "function",
        "props": Object {
          "help_text": "BooleanField: help_text",
          "layoutOpts": Object {
            "width": 1,
          },
          "name": "BooleanField: name",
          "type": "BooleanField",
          "verbose_name": "BooleanField: verbose_name",
          "widget": "",
        },
        "ref": null,
        "rendered": null,
        "type": [Function],
      },
      Object {
        "instance": null,
        "key": undefined,
        "nodeType": "class",
        "props": Object {
          "checked": false,
          "name": "BooleanField: name",
          "onChange": [Function],
          "placeholder": undefined,
          "slider": undefined,
          "toggle": undefined,
          "type": "checkbox",
        },
        "ref": null,
        "rendered": null,
        "type": [Function],
      },
      Object {
        "instance": null,
        "key": undefined,
        "nodeType": "host",
        "props": Object {
          "children": "BooleanField: help_text",
          "className": "help-text",
        },
        "ref": null,
        "rendered": "BooleanField: help_text",
        "type": "span",
      },
      Object {
        "instance": null,
        "key": undefined,
        "nodeType": "function",
        "props": Object {
          "color": "red",
          "header": "Errors",
          "messages": undefined,
        },
        "ref": null,
        "rendered": null,
        "type": [Function],
      },
    ],
    "type": [Function],
  },
  Symbol(enzyme.__nodes__): Array [
    Object {
      "instance": null,
      "key": undefined,
      "nodeType": "function",
      "props": Object {
        "children": Array [
          <FieldLabel
            help_text="BooleanField: help_text"
            layoutOpts={
              Object {
                "width": 1,
              }
            }
            name="BooleanField: name"
            type="BooleanField"
            verbose_name="BooleanField: verbose_name"
            widget=""
          />,
          <Checkbox
            checked={false}
            name="BooleanField: name"
            onChange={[Function]}
            type="checkbox"
          />,
          <span
            className="help-text"
          >
            BooleanField: help_text
          </span>,
          <ErrorsList
            color="red"
            header="Errors"
          />,
        ],
        "disabled": true,
        "error": false,
        "required": undefined,
        "width": 1,
      },
      "ref": null,
      "rendered": Array [
        Object {
          "instance": null,
          "key": undefined,
          "nodeType": "function",
          "props": Object {
            "help_text": "BooleanField: help_text",
            "layoutOpts": Object {
              "width": 1,
            },
            "name": "BooleanField: name",
            "type": "BooleanField",
            "verbose_name": "BooleanField: verbose_name",
            "widget": "",
          },
          "ref": null,
          "rendered": null,
          "type": [Function],
        },
        Object {
          "instance": null,
          "key": undefined,
          "nodeType": "class",
          "props": Object {
            "checked": false,
            "name": "BooleanField: name",
            "onChange": [Function],
            "placeholder": undefined,
            "slider": undefined,
            "toggle": undefined,
            "type": "checkbox",
          },
          "ref": null,
          "rendered": null,
          "type": [Function],
        },
        Object {
          "instance": null,
          "key": undefined,
          "nodeType": "host",
          "props": Object {
            "children": "BooleanField: help_text",
            "className": "help-text",
          },
          "ref": null,
          "rendered": "BooleanField: help_text",
          "type": "span",
        },
        Object {
          "instance": null,
          "key": undefined,
          "nodeType": "function",
          "props": Object {
            "color": "red",
            "header": "Errors",
            "messages": undefined,
          },
          "ref": null,
          "rendered": null,
          "type": [Function],
        },
      ],
      "type": [Function],
    },
  ],
  Symbol(enzyme.__options__): Object {
    "adapter": ReactSixteenAdapter {
      "options": Object {
        "enableComponentDidUpdateOnSetState": true,
        "lifecycles": Object {
          "componentDidUpdate": Object {
            "onSetState": true,
          },
          "getDerivedStateFromProps": true,
          "getSnapshotBeforeUpdate": true,
          "setState": Object {
            "skipsComponentDidUpdateOnNullish": true,
          },
        },
      },
    },
  },
}
`;
