// Jest Snapshot v1, https://goo.gl/fbAQLP

exports[`<DateTimeField /> 1`] = `
ShallowWrapper {
  Symbol(enzyme.__root__): [Circular],
  Symbol(enzyme.__unrendered__): <DateTimeField
    dateFormat="YYYY.MM.DD HH:mm"
    dropdownMode="select"
    help_text="DateTimeField: help_text"
    layoutOpts={
      Object {
        "width": 1,
      }
    }
    name="DateTimeField: name"
    timeFormat="HH:mm"
    timeIntervals={30}
    todayButton="Now"
    type="DateTimeField"
    verbose_name="DateTimeField: verbose_name"
  />,
  Symbol(enzyme.__renderer__): Object {
    "batchedUpdates": [Function],
    "getNode": [Function],
    "render": [Function],
    "simulateError": [Function],
    "simulateEvent": [Function],
    "unmount": [Function],
  },
  Symbol(enzyme.__node__): Object {
    "instance": null,
    "key": undefined,
    "nodeType": "function",
    "props": Object {
      "children": Array [
        <FieldLabel
          dateFormat="YYYY.MM.DD HH:mm"
          dropdownMode="select"
          help_text="DateTimeField: help_text"
          layoutOpts={
            Object {
              "width": 1,
            }
          }
          name="DateTimeField: name"
          timeFormat="HH:mm"
          timeIntervals={30}
          todayButton="Now"
          type="DateTimeField"
          verbose_name="DateTimeField: verbose_name"
        />,
        <DatePicker
          allowSameDay={false}
          dateFormat="YYYY.MM.DD HH:mm"
          dateFormatCalendar="MMMM YYYY"
          disabled={false}
          disabledKeyboardNavigation={false}
          dropdownMode="select"
          monthsShown={1}
          name="DateTimeField: name"
          nextMonthButtonLabel="Next month"
          onBlur={[Function]}
          onChange={[Function]}
          onClickOutside={[Function]}
          onFocus={[Function]}
          onInputClick={[Function]}
          onKeyDown={[Function]}
          onMonthChange={[Function]}
          onSelect={[Function]}
          onYearChange={[Function]}
          preventOpenOnFocus={false}
          previousMonthButtonLabel="Previous Month"
          readOnly={false}
          selected={null}
          shouldCloseOnSelect={true}
          showMonthDropdown={true}
          showTimeSelect={true}
          showYearDropdown={true}
          timeCaption="Time"
          timeFormat="HH:mm"
          timeIntervals={30}
          todayButton="Now"
          withPortal={false}
        />,
        <span
          className="help-text"
        >
          DateTimeField: help_text
        </span>,
        <ErrorsList
          color="red"
          header="Errors"
        />,
      ],
      "disabled": true,
      "error": false,
      "required": undefined,
      "width": 1,
    },
    "ref": null,
    "rendered": Array [
      Object {
        "instance": null,
        "key": undefined,
        "nodeType": "function",
        "props": Object {
          "dateFormat": "YYYY.MM.DD HH:mm",
          "dropdownMode": "select",
          "help_text": "DateTimeField: help_text",
          "layoutOpts": Object {
            "width": 1,
          },
          "name": "DateTimeField: name",
          "timeFormat": "HH:mm",
          "timeIntervals": 30,
          "todayButton": "Now",
          "type": "DateTimeField",
          "verbose_name": "DateTimeField: verbose_name",
        },
        "ref": null,
        "rendered": null,
        "type": [Function],
      },
      Object {
        "instance": null,
        "key": undefined,
        "nodeType": "class",
        "props": Object {
          "allowSameDay": false,
          "dateFormat": "YYYY.MM.DD HH:mm",
          "dateFormatCalendar": "MMMM YYYY",
          "disabled": false,
          "disabledKeyboardNavigation": false,
          "dropdownMode": "select",
          "locale": undefined,
          "monthsShown": 1,
          "name": "DateTimeField: name",
          "nextMonthButtonLabel": "Next month",
          "onBlur": [Function],
          "onChange": [Function],
          "onClickOutside": [Function],
          "onFocus": [Function],
          "onInputClick": [Function],
          "onKeyDown": [Function],
          "onMonthChange": [Function],
          "onSelect": [Function],
          "onYearChange": [Function],
          "placeholderText": undefined,
          "preventOpenOnFocus": false,
          "previousMonthButtonLabel": "Previous Month",
          "readOnly": false,
          "selected": null,
          "shouldCloseOnSelect": true,
          "showMonthDropdown": true,
          "showTimeSelect": true,
          "showYearDropdown": true,
          "timeCaption": "Time",
          "timeFormat": "HH:mm",
          "timeIntervals": 30,
          "todayButton": "Now",
          "withPortal": false,
        },
        "ref": null,
        "rendered": null,
        "type": [Function],
      },
      Object {
        "instance": null,
        "key": undefined,
        "nodeType": "host",
        "props": Object {
          "children": "DateTimeField: help_text",
          "className": "help-text",
        },
        "ref": null,
        "rendered": "DateTimeField: help_text",
        "type": "span",
      },
      Object {
        "instance": null,
        "key": undefined,
        "nodeType": "function",
        "props": Object {
          "color": "red",
          "header": "Errors",
          "messages": undefined,
        },
        "ref": null,
        "rendered": null,
        "type": [Function],
      },
    ],
    "type": [Function],
  },
  Symbol(enzyme.__nodes__): Array [
    Object {
      "instance": null,
      "key": undefined,
      "nodeType": "function",
      "props": Object {
        "children": Array [
          <FieldLabel
            dateFormat="YYYY.MM.DD HH:mm"
            dropdownMode="select"
            help_text="DateTimeField: help_text"
            layoutOpts={
              Object {
                "width": 1,
              }
            }
            name="DateTimeField: name"
            timeFormat="HH:mm"
            timeIntervals={30}
            todayButton="Now"
            type="DateTimeField"
            verbose_name="DateTimeField: verbose_name"
          />,
          <DatePicker
            allowSameDay={false}
            dateFormat="YYYY.MM.DD HH:mm"
            dateFormatCalendar="MMMM YYYY"
            disabled={false}
            disabledKeyboardNavigation={false}
            dropdownMode="select"
            monthsShown={1}
            name="DateTimeField: name"
            nextMonthButtonLabel="Next month"
            onBlur={[Function]}
            onChange={[Function]}
            onClickOutside={[Function]}
            onFocus={[Function]}
            onInputClick={[Function]}
            onKeyDown={[Function]}
            onMonthChange={[Function]}
            onSelect={[Function]}
            onYearChange={[Function]}
            preventOpenOnFocus={false}
            previousMonthButtonLabel="Previous Month"
            readOnly={false}
            selected={null}
            shouldCloseOnSelect={true}
            showMonthDropdown={true}
            showTimeSelect={true}
            showYearDropdown={true}
            timeCaption="Time"
            timeFormat="HH:mm"
            timeIntervals={30}
            todayButton="Now"
            withPortal={false}
          />,
          <span
            className="help-text"
          >
            DateTimeField: help_text
          </span>,
          <ErrorsList
            color="red"
            header="Errors"
          />,
        ],
        "disabled": true,
        "error": false,
        "required": undefined,
        "width": 1,
      },
      "ref": null,
      "rendered": Array [
        Object {
          "instance": null,
          "key": undefined,
          "nodeType": "function",
          "props": Object {
            "dateFormat": "YYYY.MM.DD HH:mm",
            "dropdownMode": "select",
            "help_text": "DateTimeField: help_text",
            "layoutOpts": Object {
              "width": 1,
            },
            "name": "DateTimeField: name",
            "timeFormat": "HH:mm",
            "timeIntervals": 30,
            "todayButton": "Now",
            "type": "DateTimeField",
            "verbose_name": "DateTimeField: verbose_name",
          },
          "ref": null,
          "rendered": null,
          "type": [Function],
        },
        Object {
          "instance": null,
          "key": undefined,
          "nodeType": "class",
          "props": Object {
            "allowSameDay": false,
            "dateFormat": "YYYY.MM.DD HH:mm",
            "dateFormatCalendar": "MMMM YYYY",
            "disabled": false,
            "disabledKeyboardNavigation": false,
            "dropdownMode": "select",
            "locale": undefined,
            "monthsShown": 1,
            "name": "DateTimeField: name",
            "nextMonthButtonLabel": "Next month",
            "onBlur": [Function],
            "onChange": [Function],
            "onClickOutside": [Function],
            "onFocus": [Function],
            "onInputClick": [Function],
            "onKeyDown": [Function],
            "onMonthChange": [Function],
            "onSelect": [Function],
            "onYearChange": [Function],
            "placeholderText": undefined,
            "preventOpenOnFocus": false,
            "previousMonthButtonLabel": "Previous Month",
            "readOnly": false,
            "selected": null,
            "shouldCloseOnSelect": true,
            "showMonthDropdown": true,
            "showTimeSelect": true,
            "showYearDropdown": true,
            "timeCaption": "Time",
            "timeFormat": "HH:mm",
            "timeIntervals": 30,
            "todayButton": "Now",
            "withPortal": false,
          },
          "ref": null,
          "rendered": null,
          "type": [Function],
        },
        Object {
          "instance": null,
          "key": undefined,
          "nodeType": "host",
          "props": Object {
            "children": "DateTimeField: help_text",
            "className": "help-text",
          },
          "ref": null,
          "rendered": "DateTimeField: help_text",
          "type": "span",
        },
        Object {
          "instance": null,
          "key": undefined,
          "nodeType": "function",
          "props": Object {
            "color": "red",
            "header": "Errors",
            "messages": undefined,
          },
          "ref": null,
          "rendered": null,
          "type": [Function],
        },
      ],
      "type": [Function],
    },
  ],
  Symbol(enzyme.__options__): Object {
    "adapter": ReactSixteenAdapter {
      "options": Object {
        "enableComponentDidUpdateOnSetState": true,
        "lifecycles": Object {
          "componentDidUpdate": Object {
            "onSetState": true,
          },
          "getDerivedStateFromProps": true,
          "getSnapshotBeforeUpdate": true,
          "setState": Object {
            "skipsComponentDidUpdateOnNullish": true,
          },
        },
      },
    },
  },
}
`;
