// Jest Snapshot v1, https://goo.gl/fbAQLP

exports[`<DateField /> 1`] = `
ShallowWrapper {
  Symbol(enzyme.__root__): [Circular],
  Symbol(enzyme.__unrendered__): <DateField
    dateFormat="YYYY.MM.DD"
    displayOptions={
      Object {
        "width": 1,
      }
    }
    dropdownMode="select"
    help_text="DateField: help_text"
    name="DateField: name"
    showMonthDropdown={true}
    showTimeSelect={false}
    showYearDropdown={true}
    todayButton="Now"
    type="DateField"
    verbose_name="DateField: verbose_name"
  />,
  Symbol(enzyme.__renderer__): Object {
    "batchedUpdates": [Function],
    "getNode": [Function],
    "render": [Function],
    "simulateError": [Function],
    "simulateEvent": [Function],
    "unmount": [Function],
  },
  Symbol(enzyme.__node__): Object {
    "instance": null,
    "key": undefined,
    "nodeType": "function",
    "props": Object {
      "children": Array [
        <FieldLabel
          dateFormat="YYYY.MM.DD"
          displayOptions={
            Object {
              "width": 1,
            }
          }
          dropdownMode="select"
          help_text="DateField: help_text"
          name="DateField: name"
          showMonthDropdown={true}
          showTimeSelect={false}
          showYearDropdown={true}
          todayButton="Now"
          type="DateField"
          verbose_name="DateField: verbose_name"
        />,
        <DatePicker
          allowSameDay={false}
          dateFormat="YYYY.MM.DD"
          dateFormatCalendar="MMMM YYYY"
          disabled={false}
          disabledKeyboardNavigation={false}
          dropdownMode="select"
          monthsShown={1}
          name="DateField: name"
          nextMonthButtonLabel="Next month"
          onBlur={[Function]}
          onChange={[Function]}
          onClickOutside={[Function]}
          onFocus={[Function]}
          onInputClick={[Function]}
          onKeyDown={[Function]}
          onMonthChange={[Function]}
          onSelect={[Function]}
          onYearChange={[Function]}
          preventOpenOnFocus={false}
          previousMonthButtonLabel="Previous Month"
          readOnly={false}
          selected={null}
          shouldCloseOnSelect={true}
          showMonthDropdown={true}
          showTimeSelect={false}
          showYearDropdown={true}
          style={
            Object {
              "width": "100%",
            }
          }
          timeCaption="Time"
          timeIntervals={30}
          todayButton="Now"
          withPortal={false}
        />,
        <span
          className="help-text"
        >
          DateField: help_text
        </span>,
        <ErrorsList
          color="red"
          header="Errors"
        />,
      ],
      "disabled": true,
      "error": false,
      "required": undefined,
      "width": 1,
    },
    "ref": null,
    "rendered": Array [
      Object {
        "instance": null,
        "key": undefined,
        "nodeType": "function",
        "props": Object {
          "dateFormat": "YYYY.MM.DD",
          "displayOptions": Object {
            "width": 1,
          },
          "dropdownMode": "select",
          "help_text": "DateField: help_text",
          "name": "DateField: name",
          "showMonthDropdown": true,
          "showTimeSelect": false,
          "showYearDropdown": true,
          "todayButton": "Now",
          "type": "DateField",
          "verbose_name": "DateField: verbose_name",
        },
        "ref": null,
        "rendered": null,
        "type": [Function],
      },
      Object {
        "instance": null,
        "key": undefined,
        "nodeType": "class",
        "props": Object {
          "allowSameDay": false,
          "dateFormat": "YYYY.MM.DD",
          "dateFormatCalendar": "MMMM YYYY",
          "disabled": false,
          "disabledKeyboardNavigation": false,
          "dropdownMode": "select",
          "locale": undefined,
          "monthsShown": 1,
          "name": "DateField: name",
          "nextMonthButtonLabel": "Next month",
          "onBlur": [Function],
          "onChange": [Function],
          "onClickOutside": [Function],
          "onFocus": [Function],
          "onInputClick": [Function],
          "onKeyDown": [Function],
          "onMonthChange": [Function],
          "onSelect": [Function],
          "onYearChange": [Function],
          "placeholderText": undefined,
          "preventOpenOnFocus": false,
          "previousMonthButtonLabel": "Previous Month",
          "readOnly": false,
          "selected": null,
          "shouldCloseOnSelect": true,
          "showMonthDropdown": true,
          "showTimeSelect": false,
          "showYearDropdown": true,
          "style": Object {
            "width": "100%",
          },
          "timeCaption": "Time",
          "timeIntervals": 30,
          "todayButton": "Now",
          "withPortal": false,
        },
        "ref": null,
        "rendered": null,
        "type": [Function],
      },
      Object {
        "instance": null,
        "key": undefined,
        "nodeType": "host",
        "props": Object {
          "children": "DateField: help_text",
          "className": "help-text",
        },
        "ref": null,
        "rendered": "DateField: help_text",
        "type": "span",
      },
      Object {
        "instance": null,
        "key": undefined,
        "nodeType": "function",
        "props": Object {
          "color": "red",
          "header": "Errors",
          "messages": undefined,
        },
        "ref": null,
        "rendered": null,
        "type": [Function],
      },
    ],
    "type": [Function],
  },
  Symbol(enzyme.__nodes__): Array [
    Object {
      "instance": null,
      "key": undefined,
      "nodeType": "function",
      "props": Object {
        "children": Array [
          <FieldLabel
            dateFormat="YYYY.MM.DD"
            displayOptions={
              Object {
                "width": 1,
              }
            }
            dropdownMode="select"
            help_text="DateField: help_text"
            name="DateField: name"
            showMonthDropdown={true}
            showTimeSelect={false}
            showYearDropdown={true}
            todayButton="Now"
            type="DateField"
            verbose_name="DateField: verbose_name"
          />,
          <DatePicker
            allowSameDay={false}
            dateFormat="YYYY.MM.DD"
            dateFormatCalendar="MMMM YYYY"
            disabled={false}
            disabledKeyboardNavigation={false}
            dropdownMode="select"
            monthsShown={1}
            name="DateField: name"
            nextMonthButtonLabel="Next month"
            onBlur={[Function]}
            onChange={[Function]}
            onClickOutside={[Function]}
            onFocus={[Function]}
            onInputClick={[Function]}
            onKeyDown={[Function]}
            onMonthChange={[Function]}
            onSelect={[Function]}
            onYearChange={[Function]}
            preventOpenOnFocus={false}
            previousMonthButtonLabel="Previous Month"
            readOnly={false}
            selected={null}
            shouldCloseOnSelect={true}
            showMonthDropdown={true}
            showTimeSelect={false}
            showYearDropdown={true}
            style={
              Object {
                "width": "100%",
              }
            }
            timeCaption="Time"
            timeIntervals={30}
            todayButton="Now"
            withPortal={false}
          />,
          <span
            className="help-text"
          >
            DateField: help_text
          </span>,
          <ErrorsList
            color="red"
            header="Errors"
          />,
        ],
        "disabled": true,
        "error": false,
        "required": undefined,
        "width": 1,
      },
      "ref": null,
      "rendered": Array [
        Object {
          "instance": null,
          "key": undefined,
          "nodeType": "function",
          "props": Object {
            "dateFormat": "YYYY.MM.DD",
            "displayOptions": Object {
              "width": 1,
            },
            "dropdownMode": "select",
            "help_text": "DateField: help_text",
            "name": "DateField: name",
            "showMonthDropdown": true,
            "showTimeSelect": false,
            "showYearDropdown": true,
            "todayButton": "Now",
            "type": "DateField",
            "verbose_name": "DateField: verbose_name",
          },
          "ref": null,
          "rendered": null,
          "type": [Function],
        },
        Object {
          "instance": null,
          "key": undefined,
          "nodeType": "class",
          "props": Object {
            "allowSameDay": false,
            "dateFormat": "YYYY.MM.DD",
            "dateFormatCalendar": "MMMM YYYY",
            "disabled": false,
            "disabledKeyboardNavigation": false,
            "dropdownMode": "select",
            "locale": undefined,
            "monthsShown": 1,
            "name": "DateField: name",
            "nextMonthButtonLabel": "Next month",
            "onBlur": [Function],
            "onChange": [Function],
            "onClickOutside": [Function],
            "onFocus": [Function],
            "onInputClick": [Function],
            "onKeyDown": [Function],
            "onMonthChange": [Function],
            "onSelect": [Function],
            "onYearChange": [Function],
            "placeholderText": undefined,
            "preventOpenOnFocus": false,
            "previousMonthButtonLabel": "Previous Month",
            "readOnly": false,
            "selected": null,
            "shouldCloseOnSelect": true,
            "showMonthDropdown": true,
            "showTimeSelect": false,
            "showYearDropdown": true,
            "style": Object {
              "width": "100%",
            },
            "timeCaption": "Time",
            "timeIntervals": 30,
            "todayButton": "Now",
            "withPortal": false,
          },
          "ref": null,
          "rendered": null,
          "type": [Function],
        },
        Object {
          "instance": null,
          "key": undefined,
          "nodeType": "host",
          "props": Object {
            "children": "DateField: help_text",
            "className": "help-text",
          },
          "ref": null,
          "rendered": "DateField: help_text",
          "type": "span",
        },
        Object {
          "instance": null,
          "key": undefined,
          "nodeType": "function",
          "props": Object {
            "color": "red",
            "header": "Errors",
            "messages": undefined,
          },
          "ref": null,
          "rendered": null,
          "type": [Function],
        },
      ],
      "type": [Function],
    },
  ],
  Symbol(enzyme.__options__): Object {
    "adapter": ReactSixteenAdapter {
      "options": Object {
        "enableComponentDidUpdateOnSetState": true,
        "lifecycles": Object {
          "componentDidUpdate": Object {
            "onSetState": true,
          },
          "getDerivedStateFromProps": true,
          "getSnapshotBeforeUpdate": true,
          "setState": Object {
            "skipsComponentDidUpdateOnNullish": true,
          },
        },
      },
    },
  },
}
`;
