// Jest Snapshot v1, https://goo.gl/fbAQLP

exports[`should render TextField 1`] = `
ShallowWrapper {
  Symbol(enzyme.__root__): [Circular],
  Symbol(enzyme.__unrendered__): <TextField
    help_text="help text"
    layoutOpts={
      Object {
        "width": 1,
      }
    }
    name="text_field_name"
    type="TextField"
    verbose_name="verbose name"
  />,
  Symbol(enzyme.__renderer__): Object {
    "batchedUpdates": [Function],
    "getNode": [Function],
    "render": [Function],
    "simulateError": [Function],
    "simulateEvent": [Function],
    "unmount": [Function],
  },
  Symbol(enzyme.__node__): Object {
    "instance": null,
    "key": undefined,
    "nodeType": "function",
    "props": Object {
      "children": Array [
        <FieldLabel
          help_text="help text"
          layoutOpts={
            Object {
              "width": 1,
            }
          }
          name="text_field_name"
          type="TextField"
          verbose_name="verbose name"
        />,
        <FormTextArea
          as={[Function]}
          control={[Function]}
          name="text_field_name"
        />,
        <span
          className="help-text"
        >
          help text
        </span>,
        <ErrorsList
          color="red"
          header="Errors"
        />,
      ],
      "disabled": true,
      "error": false,
      "required": undefined,
      "width": 1,
    },
    "ref": null,
    "rendered": Array [
      Object {
        "instance": null,
        "key": undefined,
        "nodeType": "function",
        "props": Object {
          "help_text": "help text",
          "layoutOpts": Object {
            "width": 1,
          },
          "name": "text_field_name",
          "type": "TextField",
          "verbose_name": "verbose name",
        },
        "ref": null,
        "rendered": null,
        "type": [Function],
      },
      Object {
        "instance": null,
        "key": undefined,
        "nodeType": "function",
        "props": Object {
          "as": [Function],
          "control": [Function],
          "name": "text_field_name",
          "onChange": undefined,
          "placeholder": undefined,
          "value": undefined,
        },
        "ref": null,
        "rendered": null,
        "type": [Function],
      },
      Object {
        "instance": null,
        "key": undefined,
        "nodeType": "host",
        "props": Object {
          "children": "help text",
          "className": "help-text",
        },
        "ref": null,
        "rendered": "help text",
        "type": "span",
      },
      Object {
        "instance": null,
        "key": undefined,
        "nodeType": "function",
        "props": Object {
          "color": "red",
          "header": "Errors",
          "messages": undefined,
        },
        "ref": null,
        "rendered": null,
        "type": [Function],
      },
    ],
    "type": [Function],
  },
  Symbol(enzyme.__nodes__): Array [
    Object {
      "instance": null,
      "key": undefined,
      "nodeType": "function",
      "props": Object {
        "children": Array [
          <FieldLabel
            help_text="help text"
            layoutOpts={
              Object {
                "width": 1,
              }
            }
            name="text_field_name"
            type="TextField"
            verbose_name="verbose name"
          />,
          <FormTextArea
            as={[Function]}
            control={[Function]}
            name="text_field_name"
          />,
          <span
            className="help-text"
          >
            help text
          </span>,
          <ErrorsList
            color="red"
            header="Errors"
          />,
        ],
        "disabled": true,
        "error": false,
        "required": undefined,
        "width": 1,
      },
      "ref": null,
      "rendered": Array [
        Object {
          "instance": null,
          "key": undefined,
          "nodeType": "function",
          "props": Object {
            "help_text": "help text",
            "layoutOpts": Object {
              "width": 1,
            },
            "name": "text_field_name",
            "type": "TextField",
            "verbose_name": "verbose name",
          },
          "ref": null,
          "rendered": null,
          "type": [Function],
        },
        Object {
          "instance": null,
          "key": undefined,
          "nodeType": "function",
          "props": Object {
            "as": [Function],
            "control": [Function],
            "name": "text_field_name",
            "onChange": undefined,
            "placeholder": undefined,
            "value": undefined,
          },
          "ref": null,
          "rendered": null,
          "type": [Function],
        },
        Object {
          "instance": null,
          "key": undefined,
          "nodeType": "host",
          "props": Object {
            "children": "help text",
            "className": "help-text",
          },
          "ref": null,
          "rendered": "help text",
          "type": "span",
        },
        Object {
          "instance": null,
          "key": undefined,
          "nodeType": "function",
          "props": Object {
            "color": "red",
            "header": "Errors",
            "messages": undefined,
          },
          "ref": null,
          "rendered": null,
          "type": [Function],
        },
      ],
      "type": [Function],
    },
  ],
  Symbol(enzyme.__options__): Object {
    "adapter": ReactSixteenAdapter {
      "options": Object {
        "enableComponentDidUpdateOnSetState": true,
        "lifecycles": Object {
          "componentDidUpdate": Object {
            "onSetState": true,
          },
          "getDerivedStateFromProps": true,
          "getSnapshotBeforeUpdate": true,
          "setState": Object {
            "skipsComponentDidUpdateOnNullish": true,
          },
        },
      },
    },
  },
}
`;
