// Jest Snapshot v1, https://goo.gl/fbAQLP

exports[`<TimeField /> 1`] = `
ShallowWrapper {
  Symbol(enzyme.__root__): [Circular],
  Symbol(enzyme.__unrendered__): <TimeField
    displayOptions={
      Object {
        "width": 1,
      }
    }
    help_text="TimeField: help_text"
    name="TimeField: name"
    type="TimeField"
    verbose_name="TimeField: verbose_name"
  />,
  Symbol(enzyme.__renderer__): Object {
    "batchedUpdates": [Function],
    "getNode": [Function],
    "render": [Function],
    "simulateError": [Function],
    "simulateEvent": [Function],
    "unmount": [Function],
  },
  Symbol(enzyme.__node__): Object {
    "instance": null,
    "key": undefined,
    "nodeType": "function",
    "props": Object {
      "children": Array [
        <FieldLabel
          displayOptions={
            Object {
              "width": 1,
            }
          }
          help_text="TimeField: help_text"
          name="TimeField: name"
          type="TimeField"
          verbose_name="TimeField: verbose_name"
        />,
        <TimePicker
          autoClose={true}
          autoMode={true}
          closeOnOutsideClick={true}
          colorPalette="light"
          disabled={false}
          draggable={true}
          focused={false}
          language="en"
          limitDrag={false}
          meridiem={null}
          minuteStep={5}
          onFocusChange={[Function]}
          onTimeChange={[Function]}
          onTimezoneChange={[Function]}
          placeholder=""
          showTimezone={true}
          theme="material"
          time={null}
          timeConfig={
            Object {
              "step": 30,
              "unit": "minutes",
            }
          }
          timeFormat=""
          timeFormatter={null}
          timeMode="24"
          trigger={null}
          useTz={true}
          withoutIcon={false}
        />,
        <span
          className="help-text"
        >
          TimeField: help_text
        </span>,
        <ErrorsList
          color="red"
          header="Errors"
        />,
      ],
      "disabled": true,
      "error": false,
      "required": undefined,
      "width": 1,
    },
    "ref": null,
    "rendered": Array [
      Object {
        "instance": null,
        "key": undefined,
        "nodeType": "function",
        "props": Object {
          "displayOptions": Object {
            "width": 1,
          },
          "help_text": "TimeField: help_text",
          "name": "TimeField: name",
          "type": "TimeField",
          "verbose_name": "TimeField: verbose_name",
        },
        "ref": null,
        "rendered": null,
        "type": [Function],
      },
      Object {
        "instance": null,
        "key": undefined,
        "nodeType": "class",
        "props": Object {
          "autoClose": true,
          "autoMode": true,
          "closeOnOutsideClick": true,
          "colorPalette": "light",
          "disabled": false,
          "draggable": true,
          "focused": false,
          "language": "en",
          "limitDrag": false,
          "meridiem": null,
          "minuteStep": 5,
          "onFocusChange": [Function],
          "onTimeChange": [Function],
          "onTimezoneChange": [Function],
          "placeholder": "",
          "showTimezone": true,
          "theme": "material",
          "time": null,
          "timeConfig": Object {
            "step": 30,
            "unit": "minutes",
          },
          "timeFormat": "",
          "timeFormatter": null,
          "timeMode": "24",
          "timezone": undefined,
          "trigger": null,
          "useTz": true,
          "withoutIcon": false,
        },
        "ref": null,
        "rendered": null,
        "type": [Function],
      },
      Object {
        "instance": null,
        "key": undefined,
        "nodeType": "host",
        "props": Object {
          "children": "TimeField: help_text",
          "className": "help-text",
        },
        "ref": null,
        "rendered": "TimeField: help_text",
        "type": "span",
      },
      Object {
        "instance": null,
        "key": undefined,
        "nodeType": "function",
        "props": Object {
          "color": "red",
          "header": "Errors",
          "messages": undefined,
        },
        "ref": null,
        "rendered": null,
        "type": [Function],
      },
    ],
    "type": [Function],
  },
  Symbol(enzyme.__nodes__): Array [
    Object {
      "instance": null,
      "key": undefined,
      "nodeType": "function",
      "props": Object {
        "children": Array [
          <FieldLabel
            displayOptions={
              Object {
                "width": 1,
              }
            }
            help_text="TimeField: help_text"
            name="TimeField: name"
            type="TimeField"
            verbose_name="TimeField: verbose_name"
          />,
          <TimePicker
            autoClose={true}
            autoMode={true}
            closeOnOutsideClick={true}
            colorPalette="light"
            disabled={false}
            draggable={true}
            focused={false}
            language="en"
            limitDrag={false}
            meridiem={null}
            minuteStep={5}
            onFocusChange={[Function]}
            onTimeChange={[Function]}
            onTimezoneChange={[Function]}
            placeholder=""
            showTimezone={true}
            theme="material"
            time={null}
            timeConfig={
              Object {
                "step": 30,
                "unit": "minutes",
              }
            }
            timeFormat=""
            timeFormatter={null}
            timeMode="24"
            trigger={null}
            useTz={true}
            withoutIcon={false}
          />,
          <span
            className="help-text"
          >
            TimeField: help_text
          </span>,
          <ErrorsList
            color="red"
            header="Errors"
          />,
        ],
        "disabled": true,
        "error": false,
        "required": undefined,
        "width": 1,
      },
      "ref": null,
      "rendered": Array [
        Object {
          "instance": null,
          "key": undefined,
          "nodeType": "function",
          "props": Object {
            "displayOptions": Object {
              "width": 1,
            },
            "help_text": "TimeField: help_text",
            "name": "TimeField: name",
            "type": "TimeField",
            "verbose_name": "TimeField: verbose_name",
          },
          "ref": null,
          "rendered": null,
          "type": [Function],
        },
        Object {
          "instance": null,
          "key": undefined,
          "nodeType": "class",
          "props": Object {
            "autoClose": true,
            "autoMode": true,
            "closeOnOutsideClick": true,
            "colorPalette": "light",
            "disabled": false,
            "draggable": true,
            "focused": false,
            "language": "en",
            "limitDrag": false,
            "meridiem": null,
            "minuteStep": 5,
            "onFocusChange": [Function],
            "onTimeChange": [Function],
            "onTimezoneChange": [Function],
            "placeholder": "",
            "showTimezone": true,
            "theme": "material",
            "time": null,
            "timeConfig": Object {
              "step": 30,
              "unit": "minutes",
            },
            "timeFormat": "",
            "timeFormatter": null,
            "timeMode": "24",
            "timezone": undefined,
            "trigger": null,
            "useTz": true,
            "withoutIcon": false,
          },
          "ref": null,
          "rendered": null,
          "type": [Function],
        },
        Object {
          "instance": null,
          "key": undefined,
          "nodeType": "host",
          "props": Object {
            "children": "TimeField: help_text",
            "className": "help-text",
          },
          "ref": null,
          "rendered": "TimeField: help_text",
          "type": "span",
        },
        Object {
          "instance": null,
          "key": undefined,
          "nodeType": "function",
          "props": Object {
            "color": "red",
            "header": "Errors",
            "messages": undefined,
          },
          "ref": null,
          "rendered": null,
          "type": [Function],
        },
      ],
      "type": [Function],
    },
  ],
  Symbol(enzyme.__options__): Object {
    "adapter": ReactSixteenAdapter {
      "options": Object {
        "enableComponentDidUpdateOnSetState": true,
        "lifecycles": Object {
          "componentDidUpdate": Object {
            "onSetState": true,
          },
          "getDerivedStateFromProps": true,
          "getSnapshotBeforeUpdate": true,
          "setState": Object {
            "skipsComponentDidUpdateOnNullish": true,
          },
        },
      },
    },
  },
}
`;
