// Jest Snapshot v1, https://goo.gl/fbAQLP

exports[`<FilesOnServerPreview /> 1`] = `
ShallowWrapper {
  Symbol(enzyme.__root__): [Circular],
  Symbol(enzyme.__unrendered__): <FilesOnServerPreview
    files={
      Array [
        "https://domain.tld/1.png",
      ]
    }
    isRemovable={false}
    onDeleteFile={[Function]}
  />,
  Symbol(enzyme.__renderer__): Object {
    "batchedUpdates": [Function],
    "getNode": [Function],
    "render": [Function],
    "simulateError": [Function],
    "simulateEvent": [Function],
    "unmount": [Function],
  },
  Symbol(enzyme.__node__): Object {
    "instance": null,
    "key": undefined,
    "nodeType": "function",
    "props": Object {
      "as": [Function],
      "attached": "bottom",
      "children": Array [
        <FileOnServerItem
          fileUrl="https://domain.tld/1.png"
          getPreviewImage={[Function]}
          isRemovable={false}
          onDelete={[Function]}
        />,
      ],
      "divided": true,
      "relaxed": true,
    },
    "ref": null,
    "rendered": Array [
      Object {
        "instance": null,
        "key": "0",
        "nodeType": "function",
        "props": Object {
          "fileUrl": "https://domain.tld/1.png",
          "getPreviewImage": [Function],
          "isRemovable": false,
          "onDelete": [Function],
        },
        "ref": null,
        "rendered": null,
        "type": [Function],
      },
    ],
    "type": [Function],
  },
  Symbol(enzyme.__nodes__): Array [
    Object {
      "instance": null,
      "key": undefined,
      "nodeType": "function",
      "props": Object {
        "as": [Function],
        "attached": "bottom",
        "children": Array [
          <FileOnServerItem
            fileUrl="https://domain.tld/1.png"
            getPreviewImage={[Function]}
            isRemovable={false}
            onDelete={[Function]}
          />,
        ],
        "divided": true,
        "relaxed": true,
      },
      "ref": null,
      "rendered": Array [
        Object {
          "instance": null,
          "key": "0",
          "nodeType": "function",
          "props": Object {
            "fileUrl": "https://domain.tld/1.png",
            "getPreviewImage": [Function],
            "isRemovable": false,
            "onDelete": [Function],
          },
          "ref": null,
          "rendered": null,
          "type": [Function],
        },
      ],
      "type": [Function],
    },
  ],
  Symbol(enzyme.__options__): Object {
    "adapter": ReactSixteenAdapter {
      "options": Object {
        "enableComponentDidUpdateOnSetState": true,
        "lifecycles": Object {
          "componentDidUpdate": Object {
            "onSetState": true,
          },
          "getDerivedStateFromProps": true,
          "getSnapshotBeforeUpdate": true,
          "setState": Object {
            "skipsComponentDidUpdateOnNullish": true,
          },
        },
      },
    },
  },
}
`;
