// Jest Snapshot v1, https://goo.gl/fbAQLP

exports[`<TextField /> 1`] = `
ShallowWrapper {
  Symbol(enzyme.__root__): [Circular],
  Symbol(enzyme.__unrendered__): <CaptionTruncator
    caption="1"
    width={2}
  />,
  Symbol(enzyme.__renderer__): Object {
    "batchedUpdates": [Function],
    "getNode": [Function],
    "render": [Function],
    "simulateError": [Function],
    "simulateEvent": [Function],
    "unmount": [Function],
  },
  Symbol(enzyme.__node__): Object {
    "instance": null,
    "key": undefined,
    "nodeType": "host",
    "props": Object {
      "children": "1",
      "style": Object {
        "display": "inline-block",
        "maxWidth": 2,
        "overflow": "hidden",
        "textOverflow": "ellipsis",
        "textShadow": "0 0 1px white",
        "whiteSpace": "nowrap",
      },
    },
    "ref": null,
    "rendered": "1",
    "type": "span",
  },
  Symbol(enzyme.__nodes__): Array [
    Object {
      "instance": null,
      "key": undefined,
      "nodeType": "host",
      "props": Object {
        "children": "1",
        "style": Object {
          "display": "inline-block",
          "maxWidth": 2,
          "overflow": "hidden",
          "textOverflow": "ellipsis",
          "textShadow": "0 0 1px white",
          "whiteSpace": "nowrap",
        },
      },
      "ref": null,
      "rendered": "1",
      "type": "span",
    },
  ],
  Symbol(enzyme.__options__): Object {
    "adapter": ReactSixteenAdapter {
      "options": Object {
        "enableComponentDidUpdateOnSetState": true,
        "lifecycles": Object {
          "componentDidUpdate": Object {
            "onSetState": true,
          },
          "getDerivedStateFromProps": true,
          "getSnapshotBeforeUpdate": true,
          "setState": Object {
            "skipsComponentDidUpdateOnNullish": true,
          },
        },
      },
    },
  },
}
`;
