// Jest Snapshot v1, https://goo.gl/fbAQLP

exports[`<NonFieldErrorsList /> 1`] = `
ShallowWrapper {
  Symbol(enzyme.__root__): [Circular],
  Symbol(enzyme.__unrendered__): <NonFieldErrorsList
    errors={
      Object {
        "header": Array [
          "error1",
          "error2",
        ],
      }
    }
  />,
  Symbol(enzyme.__renderer__): Object {
    "batchedUpdates": [Function],
    "getNode": [Function],
    "render": [Function],
    "simulateError": [Function],
    "simulateEvent": [Function],
    "unmount": [Function],
  },
  Symbol(enzyme.__node__): Object {
    "instance": null,
    "key": undefined,
    "nodeType": "function",
    "props": Object {
      "children": Array [
        <GridRow>
          <div
            className="sixteen wide column"
          >
            <ErrorsList
              color="red"
              header="header"
              messages={
                Array [
                  "error1",
                  "error2",
                ]
              }
            />
          </div>
        </GridRow>,
      ],
      "className": "non-field-errors layout",
      "columns": 16,
    },
    "ref": null,
    "rendered": Array [
      Object {
        "instance": null,
        "key": "0",
        "nodeType": "function",
        "props": Object {
          "children": <div
            className="sixteen wide column"
          >
            <ErrorsList
              color="red"
              header="header"
              messages={
                Array [
                  "error1",
                  "error2",
                ]
              }
            />
          </div>,
        },
        "ref": null,
        "rendered": Object {
          "instance": null,
          "key": undefined,
          "nodeType": "host",
          "props": Object {
            "children": <ErrorsList
              color="red"
              header="header"
              messages={
                Array [
                  "error1",
                  "error2",
                ]
              }
            />,
            "className": "sixteen wide column",
          },
          "ref": null,
          "rendered": Object {
            "instance": null,
            "key": undefined,
            "nodeType": "function",
            "props": Object {
              "color": "red",
              "header": "header",
              "messages": Array [
                "error1",
                "error2",
              ],
            },
            "ref": null,
            "rendered": null,
            "type": [Function],
          },
          "type": "div",
        },
        "type": [Function],
      },
    ],
    "type": [Function],
  },
  Symbol(enzyme.__nodes__): Array [
    Object {
      "instance": null,
      "key": undefined,
      "nodeType": "function",
      "props": Object {
        "children": Array [
          <GridRow>
            <div
              className="sixteen wide column"
            >
              <ErrorsList
                color="red"
                header="header"
                messages={
                  Array [
                    "error1",
                    "error2",
                  ]
                }
              />
            </div>
          </GridRow>,
        ],
        "className": "non-field-errors layout",
        "columns": 16,
      },
      "ref": null,
      "rendered": Array [
        Object {
          "instance": null,
          "key": "0",
          "nodeType": "function",
          "props": Object {
            "children": <div
              className="sixteen wide column"
            >
              <ErrorsList
                color="red"
                header="header"
                messages={
                  Array [
                    "error1",
                    "error2",
                  ]
                }
              />
            </div>,
          },
          "ref": null,
          "rendered": Object {
            "instance": null,
            "key": undefined,
            "nodeType": "host",
            "props": Object {
              "children": <ErrorsList
                color="red"
                header="header"
                messages={
                  Array [
                    "error1",
                    "error2",
                  ]
                }
              />,
              "className": "sixteen wide column",
            },
            "ref": null,
            "rendered": Object {
              "instance": null,
              "key": undefined,
              "nodeType": "function",
              "props": Object {
                "color": "red",
                "header": "header",
                "messages": Array [
                  "error1",
                  "error2",
                ],
              },
              "ref": null,
              "rendered": null,
              "type": [Function],
            },
            "type": "div",
          },
          "type": [Function],
        },
      ],
      "type": [Function],
    },
  ],
  Symbol(enzyme.__options__): Object {
    "adapter": ReactSixteenAdapter {
      "options": Object {
        "enableComponentDidUpdateOnSetState": true,
        "lifecycles": Object {
          "componentDidUpdate": Object {
            "onSetState": true,
          },
          "getDerivedStateFromProps": true,
          "getSnapshotBeforeUpdate": true,
          "setState": Object {
            "skipsComponentDidUpdateOnNullish": true,
          },
        },
      },
    },
  },
}
`;
