// Jest Snapshot v1, https://goo.gl/fbAQLP

exports[`should render ping-pong 1`] = `
<label>
  Ping? Pong!
</label>
`;
